// Jest Snapshot v1, https://goo.gl/fbAQLP

exports[`Playout API Basic rundown control 1`] = `
Array [
  Object {
    "_id": "mockStudio4",
    "generated": 12345,
    "timeline": Array [
      Object {
        "classes": Array [
          "rundown_active",
        ],
        "content": Object {
          "deviceType": 0,
        },
        "enable": Object {
          "while": 1,
        },
        "id": "playlist_randomId9002_status",
        "layer": "rundown_status",
        "objectType": "rundown",
      },
      Object {
        "children": Array [],
        "content": Object {
          "deviceType": 0,
          "type": "group",
        },
        "enable": Object {
          "start": "now",
        },
        "id": "part_group_randomId9002_part0_0_randomId9009",
        "isGroup": true,
        "isPartGroup": true,
        "layer": "",
        "objectType": "rundown",
        "priority": 5,
      },
      Object {
        "classes": Array [],
        "content": Object {
          "callBack": "partPlaybackStarted",
          "callBackData": Object {
            "partInstanceId": "randomId9002_part0_0_randomId9009",
            "rundownPlaylistId": "playlist_randomId9002",
          },
          "callBackStopped": "partPlaybackStopped",
          "deviceType": 0,
          "type": "callback",
        },
        "enable": Object {
          "start": 0,
        },
        "id": "part_group_firstobject_randomId9002_part0_0_randomId9009",
        "inGroup": "part_group_randomId9002_part0_0_randomId9009",
        "layer": "group_first_object",
        "objectType": "rundown",
      },
      Object {
        "children": Array [],
        "content": Object {
          "deviceType": 0,
          "type": "group",
        },
        "enable": Object {
          "start": 0,
        },
        "id": "piece_group_randomId9002_part0_0_randomId9009_randomId9002_piece001",
        "inGroup": "part_group_randomId9002_part0_0_randomId9009",
        "isGroup": true,
        "layer": "vt0",
        "metaData": Object {
          "pieceId": "randomId9002_part0_0_randomId9009_randomId9002_piece001",
        },
        "objectType": "rundown",
        "priority": 5,
      },
    ],
    "timelineHash": "randomId9014",
  },
]
`;

exports[`Playout API Basic rundown control 2`] = `
Object {
  "_id": "randomId9002",
  "_rank": 0,
  "dataSource": "mock",
  "externalId": "MOCK_RUNDOWN",
  "externalNRCSName": "mock",
  "importVersions": Object {
    "blueprint": "",
    "core": "",
    "showStyleBase": "",
    "showStyleVariant": "",
    "studio": "",
  },
  "name": "Default Rundown",
  "organizationId": null,
  "peripheralDeviceId": "mockDevice5",
  "playlistId": "playlist_randomId9002",
  "showStyleBaseId": "randomId9000",
  "showStyleVariantId": "randomId9001",
  "studioId": "mockStudio4",
}
`;

exports[`Playout API Basic rundown control 3`] = `
Array [
  Object {
    "_id": "mockStudio4",
    "generated": 12345,
    "timeline": Array [
      Object {
        "content": Object {
          "deviceType": 0,
        },
        "enable": Object {
          "start": 0,
        },
        "id": "baseline_version",
        "layer": "baseline_version",
        "metaData": Object {
          "versions": Object {
            "blueprintId": "mockBlueprint0",
            "blueprintVersion": "0.0.0",
            "core": "0.0.0-test",
            "studio": "asdf",
          },
        },
        "objectType": "rundown",
      },
    ],
    "timelineHash": "randomId9019",
  },
]
`;

exports[`Playout API Basic rundown control 4`] = `
Object {
  "_id": "playlist_randomId9002",
  "active": false,
  "activeInstanceId": "randomId9008",
  "currentPartInstanceId": null,
  "externalId": "MOCK_RUNDOWNPLAYLIST",
  "holdState": 0,
  "name": "Default RundownPlaylist",
  "nextPartInstanceId": null,
  "nextPartManual": false,
  "nextTimeOffset": null,
  "organizationId": null,
  "peripheralDeviceId": "mockDevice5",
  "previousPartInstanceId": null,
  "rehearsal": false,
  "studioId": "mockStudio4",
}
`;

exports[`Playout API Basic rundown control 5`] = `
Object {
  "_id": "randomId9002",
  "_rank": 0,
  "dataSource": "mock",
  "externalId": "MOCK_RUNDOWN",
  "externalNRCSName": "mock",
  "importVersions": Object {
    "blueprint": "",
    "core": "",
    "showStyleBase": "",
    "showStyleVariant": "",
    "studio": "",
  },
  "name": "Default Rundown",
  "organizationId": null,
  "peripheralDeviceId": "mockDevice5",
  "playlistId": "playlist_randomId9002",
  "showStyleBaseId": "randomId9000",
  "showStyleVariantId": "randomId9001",
  "studioId": "mockStudio4",
}
`;
