// Jest Snapshot v1, https://goo.gl/fbAQLP

exports[`lib/Rundown getResolvedSegment 1`] = `
Object {
  "autoNextPart": false,
  "currentLivePart": undefined,
  "followingPart": Part {
    "_id": "randomId9011_part1_0",
    "_rank": 10,
    "externalId": "MOCK_PART_1_0",
    "pieces": Array [],
    "renderedDuration": 0,
    "rundownId": "randomId9011",
    "segmentId": "randomId9011_segment1",
    "startsAt": 0,
    "title": "Part 1 0",
    "typeVariant": "",
    "willProbablyAutoNext": false,
  },
  "hasAlreadyPlayed": false,
  "hasGuestItems": false,
  "hasRemoteItems": false,
  "isLiveSegment": false,
  "isNextSegment": false,
  "parts": Array [
    Part {
      "_id": "randomId9011_part0_0",
      "_rank": 0,
      "duration": 20,
      "externalId": "MOCK_PART_0_0",
      "pieces": Array [
        Object {
          "_id": "randomId9011_piece000",
          "enable": Object {
            "start": 0,
          },
          "externalId": "MOCK_PIECE_000",
          "name": "Piece 000",
          "outputLayer": Object {
            "_id": "pgm",
            "_rank": 0,
            "isPGM": true,
            "name": "PGM",
            "sourceLayers": Array [
              Object {
                "_id": "cam0",
                "_rank": 0,
                "followingItems": Array [],
                "name": "Camera",
                "pieces": Array [
                  [Circular],
                  Object {
                    "_id": "randomId9011_piece010",
                    "enable": Object {
                      "start": 0,
                    },
                    "externalId": "MOCK_PIECE_010",
                    "name": "Piece 010",
                    "outputLayer": [Circular],
                    "outputLayerId": "pgm",
                    "partId": "randomId9011_part0_0",
                    "renderedDuration": null,
                    "renderedInPoint": 0,
                    "rundownId": "randomId9011",
                    "sourceLayer": [Circular],
                    "sourceLayerId": "cam0",
                    "status": 0,
                  },
                ],
                "type": 1,
              },
              Object {
                "_id": "vt0",
                "_rank": 1,
                "followingItems": Array [],
                "name": "VT",
                "pieces": Array [
                  Object {
                    "_id": "randomId9011_piece001",
                    "enable": Object {
                      "start": 0,
                    },
                    "externalId": "MOCK_PIECE_001",
                    "name": "Piece 001",
                    "outputLayer": [Circular],
                    "outputLayerId": "pgm",
                    "partId": "randomId9011_part0_0",
                    "renderedDuration": null,
                    "renderedInPoint": 0,
                    "rundownId": "randomId9011",
                    "sourceLayer": [Circular],
                    "sourceLayerId": "vt0",
                    "status": 0,
                  },
                ],
                "type": 2,
              },
            ],
            "used": true,
          },
          "outputLayerId": "pgm",
          "partId": "randomId9011_part0_0",
          "renderedDuration": null,
          "renderedInPoint": 0,
          "rundownId": "randomId9011",
          "sourceLayer": Object {
            "_id": "cam0",
            "_rank": 0,
            "followingItems": Array [],
            "name": "Camera",
            "pieces": Array [
              [Circular],
              Object {
                "_id": "randomId9011_piece010",
                "enable": Object {
                  "start": 0,
                },
                "externalId": "MOCK_PIECE_010",
                "name": "Piece 010",
                "outputLayer": Object {
                  "_id": "pgm",
                  "_rank": 0,
                  "isPGM": true,
                  "name": "PGM",
                  "sourceLayers": Array [
                    [Circular],
                    Object {
                      "_id": "vt0",
                      "_rank": 1,
                      "followingItems": Array [],
                      "name": "VT",
                      "pieces": Array [
                        Object {
                          "_id": "randomId9011_piece001",
                          "enable": Object {
                            "start": 0,
                          },
                          "externalId": "MOCK_PIECE_001",
                          "name": "Piece 001",
                          "outputLayer": [Circular],
                          "outputLayerId": "pgm",
                          "partId": "randomId9011_part0_0",
                          "renderedDuration": null,
                          "renderedInPoint": 0,
                          "rundownId": "randomId9011",
                          "sourceLayer": [Circular],
                          "sourceLayerId": "vt0",
                          "status": 0,
                        },
                      ],
                      "type": 2,
                    },
                  ],
                  "used": true,
                },
                "outputLayerId": "pgm",
                "partId": "randomId9011_part0_0",
                "renderedDuration": null,
                "renderedInPoint": 0,
                "rundownId": "randomId9011",
                "sourceLayer": [Circular],
                "sourceLayerId": "cam0",
                "status": 0,
              },
            ],
            "type": 1,
          },
          "sourceLayerId": "cam0",
          "status": 0,
        },
        Object {
          "_id": "randomId9011_piece001",
          "enable": Object {
            "start": 0,
          },
          "externalId": "MOCK_PIECE_001",
          "name": "Piece 001",
          "outputLayer": Object {
            "_id": "pgm",
            "_rank": 0,
            "isPGM": true,
            "name": "PGM",
            "sourceLayers": Array [
              Object {
                "_id": "cam0",
                "_rank": 0,
                "followingItems": Array [],
                "name": "Camera",
                "pieces": Array [
                  Object {
                    "_id": "randomId9011_piece000",
                    "enable": Object {
                      "start": 0,
                    },
                    "externalId": "MOCK_PIECE_000",
                    "name": "Piece 000",
                    "outputLayer": [Circular],
                    "outputLayerId": "pgm",
                    "partId": "randomId9011_part0_0",
                    "renderedDuration": null,
                    "renderedInPoint": 0,
                    "rundownId": "randomId9011",
                    "sourceLayer": [Circular],
                    "sourceLayerId": "cam0",
                    "status": 0,
                  },
                  Object {
                    "_id": "randomId9011_piece010",
                    "enable": Object {
                      "start": 0,
                    },
                    "externalId": "MOCK_PIECE_010",
                    "name": "Piece 010",
                    "outputLayer": [Circular],
                    "outputLayerId": "pgm",
                    "partId": "randomId9011_part0_0",
                    "renderedDuration": null,
                    "renderedInPoint": 0,
                    "rundownId": "randomId9011",
                    "sourceLayer": [Circular],
                    "sourceLayerId": "cam0",
                    "status": 0,
                  },
                ],
                "type": 1,
              },
              Object {
                "_id": "vt0",
                "_rank": 1,
                "followingItems": Array [],
                "name": "VT",
                "pieces": Array [
                  [Circular],
                ],
                "type": 2,
              },
            ],
            "used": true,
          },
          "outputLayerId": "pgm",
          "partId": "randomId9011_part0_0",
          "renderedDuration": null,
          "renderedInPoint": 0,
          "rundownId": "randomId9011",
          "sourceLayer": Object {
            "_id": "vt0",
            "_rank": 1,
            "followingItems": Array [],
            "name": "VT",
            "pieces": Array [
              [Circular],
            ],
            "type": 2,
          },
          "sourceLayerId": "vt0",
          "status": 0,
        },
        Object {
          "_id": "randomId9011_piece010",
          "enable": Object {
            "start": 0,
          },
          "externalId": "MOCK_PIECE_010",
          "name": "Piece 010",
          "outputLayer": Object {
            "_id": "pgm",
            "_rank": 0,
            "isPGM": true,
            "name": "PGM",
            "sourceLayers": Array [
              Object {
                "_id": "cam0",
                "_rank": 0,
                "followingItems": Array [],
                "name": "Camera",
                "pieces": Array [
                  Object {
                    "_id": "randomId9011_piece000",
                    "enable": Object {
                      "start": 0,
                    },
                    "externalId": "MOCK_PIECE_000",
                    "name": "Piece 000",
                    "outputLayer": [Circular],
                    "outputLayerId": "pgm",
                    "partId": "randomId9011_part0_0",
                    "renderedDuration": null,
                    "renderedInPoint": 0,
                    "rundownId": "randomId9011",
                    "sourceLayer": [Circular],
                    "sourceLayerId": "cam0",
                    "status": 0,
                  },
                  [Circular],
                ],
                "type": 1,
              },
              Object {
                "_id": "vt0",
                "_rank": 1,
                "followingItems": Array [],
                "name": "VT",
                "pieces": Array [
                  Object {
                    "_id": "randomId9011_piece001",
                    "enable": Object {
                      "start": 0,
                    },
                    "externalId": "MOCK_PIECE_001",
                    "name": "Piece 001",
                    "outputLayer": [Circular],
                    "outputLayerId": "pgm",
                    "partId": "randomId9011_part0_0",
                    "renderedDuration": null,
                    "renderedInPoint": 0,
                    "rundownId": "randomId9011",
                    "sourceLayer": [Circular],
                    "sourceLayerId": "vt0",
                    "status": 0,
                  },
                ],
                "type": 2,
              },
            ],
            "used": true,
          },
          "outputLayerId": "pgm",
          "partId": "randomId9011_part0_0",
          "renderedDuration": null,
          "renderedInPoint": 0,
          "rundownId": "randomId9011",
          "sourceLayer": Object {
            "_id": "cam0",
            "_rank": 0,
            "followingItems": Array [],
            "name": "Camera",
            "pieces": Array [
              Object {
                "_id": "randomId9011_piece000",
                "enable": Object {
                  "start": 0,
                },
                "externalId": "MOCK_PIECE_000",
                "name": "Piece 000",
                "outputLayer": Object {
                  "_id": "pgm",
                  "_rank": 0,
                  "isPGM": true,
                  "name": "PGM",
                  "sourceLayers": Array [
                    [Circular],
                    Object {
                      "_id": "vt0",
                      "_rank": 1,
                      "followingItems": Array [],
                      "name": "VT",
                      "pieces": Array [
                        Object {
                          "_id": "randomId9011_piece001",
                          "enable": Object {
                            "start": 0,
                          },
                          "externalId": "MOCK_PIECE_001",
                          "name": "Piece 001",
                          "outputLayer": [Circular],
                          "outputLayerId": "pgm",
                          "partId": "randomId9011_part0_0",
                          "renderedDuration": null,
                          "renderedInPoint": 0,
                          "rundownId": "randomId9011",
                          "sourceLayer": [Circular],
                          "sourceLayerId": "vt0",
                          "status": 0,
                        },
                      ],
                      "type": 2,
                    },
                  ],
                  "used": true,
                },
                "outputLayerId": "pgm",
                "partId": "randomId9011_part0_0",
                "renderedDuration": null,
                "renderedInPoint": 0,
                "rundownId": "randomId9011",
                "sourceLayer": [Circular],
                "sourceLayerId": "cam0",
                "status": 0,
              },
              [Circular],
            ],
            "type": 1,
          },
          "sourceLayerId": "cam0",
          "status": 0,
        },
      ],
      "renderedDuration": 3000,
      "rundownId": "randomId9011",
      "segmentId": "randomId9011_segment0",
      "startsAt": 0,
      "title": "Part 0 0",
      "typeVariant": "",
      "willProbablyAutoNext": false,
    },
    Part {
      "_id": "randomId9011_part0_1",
      "_rank": 1,
      "externalId": "MOCK_PART_0_1",
      "pieces": Array [],
      "renderedDuration": 3000,
      "rundownId": "randomId9011",
      "segmentId": "randomId9011_segment0",
      "startsAt": 3000,
      "title": "Part 0 1",
      "typeVariant": "",
      "willProbablyAutoNext": false,
    },
  ],
  "segmentExtended": Object {
    "_id": "randomId9011_segment0",
    "_rank": 0,
    "externalId": "MOCK_SEGMENT_0",
    "name": "Segment 0",
    "outputLayers": Object {
      "pgm": Object {
        "_id": "pgm",
        "_rank": 0,
        "isPGM": true,
        "name": "PGM",
        "sourceLayers": Array [
          Object {
            "_id": "cam0",
            "_rank": 0,
            "followingItems": Array [],
            "name": "Camera",
            "pieces": Array [
              Object {
                "_id": "randomId9011_piece000",
                "enable": Object {
                  "start": 0,
                },
                "externalId": "MOCK_PIECE_000",
                "name": "Piece 000",
                "outputLayer": [Circular],
                "outputLayerId": "pgm",
                "partId": "randomId9011_part0_0",
                "renderedDuration": null,
                "renderedInPoint": 0,
                "rundownId": "randomId9011",
                "sourceLayer": [Circular],
                "sourceLayerId": "cam0",
                "status": 0,
              },
              Object {
                "_id": "randomId9011_piece010",
                "enable": Object {
                  "start": 0,
                },
                "externalId": "MOCK_PIECE_010",
                "name": "Piece 010",
                "outputLayer": [Circular],
                "outputLayerId": "pgm",
                "partId": "randomId9011_part0_0",
                "renderedDuration": null,
                "renderedInPoint": 0,
                "rundownId": "randomId9011",
                "sourceLayer": [Circular],
                "sourceLayerId": "cam0",
                "status": 0,
              },
            ],
            "type": 1,
          },
          Object {
            "_id": "vt0",
            "_rank": 1,
            "followingItems": Array [],
            "name": "VT",
            "pieces": Array [
              Object {
                "_id": "randomId9011_piece001",
                "enable": Object {
                  "start": 0,
                },
                "externalId": "MOCK_PIECE_001",
                "name": "Piece 001",
                "outputLayer": [Circular],
                "outputLayerId": "pgm",
                "partId": "randomId9011_part0_0",
                "renderedDuration": null,
                "renderedInPoint": 0,
                "rundownId": "randomId9011",
                "sourceLayer": [Circular],
                "sourceLayerId": "vt0",
                "status": 0,
              },
            ],
            "type": 2,
          },
        ],
        "used": true,
      },
    },
    "rundownId": "randomId9011",
    "sourceLayers": Object {
      "cam0": Object {
        "_id": "cam0",
        "_rank": 0,
        "followingItems": Array [],
        "name": "Camera",
        "pieces": Array [],
        "type": 1,
      },
      "vt0": Object {
        "_id": "vt0",
        "_rank": 1,
        "followingItems": Array [],
        "name": "VT",
        "pieces": Array [],
        "type": 2,
      },
    },
  },
}
`;
